	
 error_testing.txt
 history.txt
 output.txt
 test1
Makefile
TODO
a.out.dSYM
apoo
apoorva
apoorva2
e
echo_test.txt
env_redirect.txt
error_testing.txt
fork.c
hello.txt
hey.tx
hey.txt
history.txt
new_dir
niral.txt
o hello &>> output.txt
ouput.txt
output.txt
script.wsh
test2
test_echo.txt
wsh
wsh-dbg
wsh-dbg.dSYM
wsh.c
wsh.dSYM
wsh.h
